// Jest Snapshot v1, https://goo.gl/fbAQLP

exports[`Wallpaper component renders correctly 1`] = `
<View
  accessibilityIgnoresInvertColors={true}
  style={
    {
      "flexGrow": 1,
      "justifyContent": "center",
    }
  }
>
  <Image
    resizeMode="cover"
    source={
      {
        "uri": "mocked-image-uri",
      }
    }
    style={
      [
        {
          "bottom": 0,
          "left": 0,
          "position": "absolute",
          "right": 0,
          "top": 0,
        },
        {
          "height": undefined,
          "width": undefined,
        },
        undefined,
      ]
    }
    testID="image-background"
  />
</View>
`;
