// Jest Snapshot v1, https://goo.gl/fbAQLP

exports[`ThemedView component renders correctly 1`] = `
<View
  style={
    [
      {
        "backgroundColor": "#fff",
      },
      undefined,
    ]
  }
/>
`;
