// Jest Snapshot v1, https://goo.gl/fbAQLP

exports[`ThemedText component renders correctly 1`] = `
<Text
  style={
    [
      {
        "color": "#000",
      },
      {
        "fontSize": 16,
      },
      undefined,
    ]
  }
/>
`;
