// Jest Snapshot v1, https://goo.gl/fbAQLP

exports[`SettingsField component renders correctly 1`] = `
<View
  accessibilityState={
    {
      "busy": undefined,
      "checked": undefined,
      "disabled": undefined,
      "expanded": undefined,
      "selected": undefined,
    }
  }
  accessibilityValue={
    {
      "max": undefined,
      "min": undefined,
      "now": undefined,
      "text": undefined,
    }
  }
  accessible={true}
  collapsable={false}
  focusable={true}
  onBlur={[Function]}
  onClick={[Function]}
  onFocus={[Function]}
  onResponderGrant={[Function]}
  onResponderMove={[Function]}
  onResponderRelease={[Function]}
  onResponderTerminate={[Function]}
  onResponderTerminationRequest={[Function]}
  onStartShouldSetResponder={[Function]}
  style={
    [
      {
        "backgroundColor": "#e0e0e0",
      },
      {
        "alignItems": "center",
        "flexDirection": "row",
        "flexGrow": 1,
        "gap": 10,
        "height": 60,
        "justifyContent": "space-between",
        "paddingLeft": 10,
      },
      {
        "borderTopEndRadius": 10,
        "borderTopStartRadius": 10,
      },
      false,
    ]
  }
>
  <Image
    source={1}
    style={
      {
        "height": 48,
        "width": 48,
      }
    }
  />
  <Text
    style={
      [
        {
          "color": "#212121",
        },
        {
          "fontSize": 16,
        },
        {
          "flexGrow": 1,
        },
      ]
    }
  >
    Theme
  </Text>
  <Text />
</View>
`;
