// Jest Snapshot v1, https://goo.gl/fbAQLP

exports[`CalcButton component renders correctly 1`] = `
<View
  accessibilityState={
    {
      "busy": undefined,
      "checked": undefined,
      "disabled": undefined,
      "expanded": undefined,
      "selected": undefined,
    }
  }
  accessibilityValue={
    {
      "max": undefined,
      "min": undefined,
      "now": undefined,
      "text": undefined,
    }
  }
  accessible={true}
  collapsable={false}
  focusable={true}
  onBlur={[Function]}
  onClick={[Function]}
  onFocus={[Function]}
  onResponderGrant={[Function]}
  onResponderMove={[Function]}
  onResponderRelease={[Function]}
  onResponderTerminate={[Function]}
  onResponderTerminationRequest={[Function]}
  onStartShouldSetResponder={[Function]}
  style={
    [
      {
        "alignItems": "center",
        "padding": 20,
      },
      {
        "justifyContent": "center",
      },
      {
        "borderRadius": 999,
      },
      {
        "margin": 10,
      },
      {
        "backgroundColor": "#a0a0a0",
        "height": 30,
        "width": 30,
      },
    ]
  }
  testID="calc-button"
>
  <Text />
</View>
`;
